scripts/test-resend-simple.ts(4,24): error TS2307: Cannot find module 'resend' or its corresponding type declarations.
src/lib/store.ts(187,57): error TS2345: Argument of type 'import("C:/Users/devsh/OneDrive/Desktop/careOps/careops/src/types/domain").LeadStatus' is not assignable to parameter of type 'import("C:/Users/devsh/OneDrive/Desktop/careOps/careops/node_modules/.prisma/client/index").$Enums.LeadStatus'.
  Type '"new"' is not assignable to type 'LeadStatus'. Did you mean '"NEW"'?
